// Jest Snapshot v1, https://goo.gl/fbAQLP

exports[`components <function Connect(props, context) {
        _classCallCheck(this, Connect);

        var _this = _possibleConstructorReturn(this, _Component.call(this, props, context));

        _this.version = version;
        _this.state = {};
        _this.renderCount = 0;
        _this.store = props[storeKey] || context[storeKey];
        _this.propsMode = Boolean(props[storeKey]);
        _this.setWrappedInstance = _this.setWrappedInstance.bind(_this);

        (0, _invariant2.default)(_this.store, 'Could not find "' + storeKey + '" in either the context or props of ' + ('"' + displayName + '". Either wrap the root component in a <Provider>, ') + ('or explicitly pass "' + storeKey + '" as a prop to "' + displayName + '".'));

        _this.initSelector();
        _this.initSubscription();
        return _this;
      } /> renders correctly 1`] = `
<div
  className="about:blank-bg listing"
>
  <header
    className="about:blank"
  >
    <a
      className="back-link"
      href="/"
      onClick={[Function]}
    >
      <span
        className="arrow arrow-left"
      />
      <span
        className="aria-hidden"
      >
        Navigate to home
      </span>
    </a>
    <svg
      aria-hidden="true"
      className="svg-inline--fa fa-home fa-w-18 "
      data-icon="home"
      data-prefix="fas"
      role="img"
      style={Object {}}
      viewBox="0 0 576 512"
      xmlns="http://www.w3.org/2000/svg"
    >
      <path
        d="M488 312.7V456c0 13.3-10.7 24-24 24H348c-6.6 0-12-5.4-12-12V356c0-6.6-5.4-12-12-12h-72c-6.6 0-12 5.4-12 12v112c0 6.6-5.4 12-12 12H112c-13.3 0-24-10.7-24-24V312.7c0-3.6 1.6-7 4.4-9.3l188-154.8c4.4-3.6 10.8-3.6 15.3 0l188 154.8c2.7 2.3 4.3 5.7 4.3 9.3zm83.6-60.9L488 182.9V44.4c0-6.6-5.4-12-12-12h-56c-6.6 0-12 5.4-12 12V117l-89.5-73.7c-17.7-14.6-43.3-14.6-61 0L4.4 251.8c-5.1 4.2-5.8 11.8-1.6 16.9l25.5 31c4.2 5.1 11.8 5.8 16.9 1.6l235.2-193.7c4.4-3.6 10.8-3.6 15.3 0l235.2 193.7c5.1 4.2 12.7 3.5 16.9-1.6l25.5-31c4.2-5.2 3.4-12.7-1.7-16.9z"
        fill="currentColor"
        style={Object {}}
      />
    </svg>
    <h2>
      about:blank
    </h2>
  </header>
  <div
    className="container"
  >
    <ul
      className="list-stripped"
    />
  </div>
</div>
`;

exports[`components <function Service(props) {
    _classCallCheck(this, Service);

    var _this = _possibleConstructorReturn(this, (Service.__proto__ || Object.getPrototypeOf(Service)).call(this, props));

    var loc = window.location.href.split('/');
    _this.state = {
      page: loc.slice(-2)[0],
      id: loc.slice(-1)[0],
      service: loc.slice(-1)[0],
      results: []
    };
    return _this;
  } /> renders correctly 1`] = `
<div
  className="about:blank-bg listing service"
>
  <header
    className="home-header compact"
  >
    <a
      className="back-link"
      href="/"
      onClick={[Function]}
    >
      <span
        className="arrow arrow-left arrow-sm"
      />
      <svg
        aria-hidden="true"
        className="svg-inline--fa fa-home fa-w-18 "
        data-icon="home"
        data-prefix="fas"
        role="img"
        style={Object {}}
        viewBox="0 0 576 512"
        xmlns="http://www.w3.org/2000/svg"
      >
        <path
          d="M488 312.7V456c0 13.3-10.7 24-24 24H348c-6.6 0-12-5.4-12-12V356c0-6.6-5.4-12-12-12h-72c-6.6 0-12 5.4-12 12v112c0 6.6-5.4 12-12 12H112c-13.3 0-24-10.7-24-24V312.7c0-3.6 1.6-7 4.4-9.3l188-154.8c4.4-3.6 10.8-3.6 15.3 0l188 154.8c2.7 2.3 4.3 5.7 4.3 9.3zm83.6-60.9L488 182.9V44.4c0-6.6-5.4-12-12-12h-56c-6.6 0-12 5.4-12 12V117l-89.5-73.7c-17.7-14.6-43.3-14.6-61 0L4.4 251.8c-5.1 4.2-5.8 11.8-1.6 16.9l25.5 31c4.2 5.1 11.8 5.8 16.9 1.6l235.2-193.7c4.4-3.6 10.8-3.6 15.3 0l235.2 193.7c5.1 4.2 12.7 3.5 16.9-1.6l25.5-31c4.2-5.2 3.4-12.7-1.7-16.9z"
          fill="currentColor"
          style={Object {}}
        />
      </svg>
      <span>
        <p>
          Home
        </p>
      </span>
      <span
        className="aria-hidden"
      >
        Navigate to home
      </span>
    </a>
  </header>
</div>
`;
